mlos-trace 1
model synth-8x16
source build/runtime-events.jsonl
accesses 66
1 0100010000000000
1 0100010000000100
1 0100010000000200
1 0100010000000300
1 0100010000000400
1 0100010000000500
1 0100010000000600
1 0100010000000700
1 0100010000000800
1 0100010000000900
1 0100010000000a00
1 0100010000000b00
1 0100010000000c00
1 0100010000000d00
1 0100010000000e00
1 0100010000000f00
1 0100010001000000
1 0100010001000100
1 0100010001000200
1 0100010001000300
1 0100010001000400
1 0100010001000500
1 0100010001000600
1 0100010001000700
1 0100010001000800
1 0100010001000900
1 0100010001000a00
1 0100010001000b00
1 0100010001000c00
1 0100010001000d00
1 0100010001000e00
1 0100010001000f00
1 0100010002000000
1 0100010000000000
1 0100010000000100
1 0100010000000200
1 0100010000000300
1 0100010000000400
1 0100010000000500
1 0100010000000600
1 0100010000000700
1 0100010000000800
1 0100010000000900
1 0100010000000a00
1 0100010000000b00
1 0100010000000c00
1 0100010000000d00
1 0100010000000e00
1 0100010000000f00
1 0100010001000000
1 0100010001000100
1 0100010001000200
1 0100010001000300
1 0100010001000400
1 0100010001000500
1 0100010001000600
1 0100010001000700
1 0100010001000800
1 0100010001000900
1 0100010001000a00
1 0100010001000b00
1 0100010001000c00
1 0100010001000d00
1 0100010001000e00
1 0100010001000f00
1 0100010002000000
